Resolving dependencies...
Downloading packages...
  _flutterfire_internals 1.3.59 (1.3.69 available)
  adaptive_dialog 2.4.2 (2.8.0 available)
  animations 2.1.0 (2.1.2 available)
  archive 3.6.1 (4.0.9 available)
  async 2.12.0 (2.13.1 available)
  badges 3.1.2 (3.2.0 available)
  checked_yaml 2.0.3 (2.0.4 available)
  cloud_firestore 5.6.12 (6.3.0 available)
  cloud_firestore_platform_interface 6.6.12 (7.2.0 available)
  cloud_firestore_web 4.4.12 (5.3.0 available)
  csv 6.0.0 (8.0.0 available)
  file_picker 8.3.7 (11.0.2 available)
  firebase_auth 5.7.0 (6.4.0 available)
  firebase_auth_platform_interface 7.7.3 (8.1.9 available)
  firebase_auth_web 5.15.3 (6.1.5 available)
  firebase_core 3.15.2 (4.7.0 available)
  firebase_core_web 2.24.1 (3.6.0 available)
  firebase_messaging 15.2.10 (16.2.0 available)
  firebase_messaging_platform_interface 4.6.10 (4.7.9 available)
  firebase_messaging_web 3.10.10 (4.1.5 available)
  fl_chart 0.69.2 (1.2.0 available)
  flutter_launcher_icons 0.13.1 (0.14.4 available)
  flutter_lints 5.0.0 (6.0.0 available)
  flutter_local_notifications 17.2.4 (21.0.0 available)
  flutter_local_notifications_linux 4.0.1 (8.0.0 available)
  flutter_local_notifications_platform_interface 7.2.0 (11.0.0 available)
  font_awesome_flutter 10.9.1 (11.0.0 available)
  google_fonts 6.3.2 (8.0.2 available)
  image 4.3.0 (4.8.0 available)
  json_annotation 4.9.0 (4.11.0 available)
  lints 5.1.1 (6.1.0 available)
  lottie 3.3.0 (3.3.3 available)
  macos_ui 2.2.0 (2.2.2 available)
  meta 1.17.0 (1.18.2 available)
  path_provider_android 2.2.19 (2.3.1 available)
  path_provider_foundation 2.4.2 (2.6.0 available)
  permission_handler 11.4.0 (12.0.1 available)
  permission_handler_android 12.1.0 (13.0.1 available)
  petitparser 6.1.0 (7.0.2 available)
  source_span 1.10.1 (1.10.2 available)
  synchronized 3.4.0 (3.4.0+1 available)
  test_api 0.7.10 (0.7.11 available)
  timezone 0.9.4 (0.11.0 available)
  vector_math 2.2.0 (2.3.0 available)
  vm_service 14.3.1 (15.1.0 available)
  win32 5.15.0 (6.0.1 available)
  xml 6.5.0 (6.6.1 available)
Got dependencies!
47 packages have newer versions incompatible with dependency constraints.
Try `flutter pub outdated` for more information.
Building Windows application...                                 
flutter : CMake Deprecation 
Warning at C:/projects/invent
ory_management/build/windows/
x64/extracted/firebase_cpp_sd
k_windows/CMakeLists.txt:17 
(cmake_minimum_required):
At line:1 char:1
+ flutter build windows 
--release 2>&1 | Out-File 
-Encoding utf8 "c:\pr ...
+ ~~~~~~~~~~~~~~~~~~~~~~~~~~~
~~~~~~~~~
    + CategoryInfo           
   : NotSpecified: (CMake D  
  eprecati...imum_required   
 )::String) [], RemoteExc    
eption
    + FullyQualifiedErrorId  
   : NativeCommandError
 
  Compatibility with CMake < 
3.10 will be removed from a 
future version of
  CMake.

  Update the VERSION 
argument <min> value.  Or, 
use the <min>...<max> syntax
  to tell CMake that the 
project requires at least 
<min> but has been updated
  to work with policies 
introduced by <max> or 
earlier.


Nuget.exe not found, trying 
to download or use cached 
version.
Building Windows application...                                   246.7s
ΓêÜ Built build\windows\x64\runner\Release\inventory_manager.exe
