Analyzing inventory_management...

  error - lib\core\services\import_service.dart:14:20 - The method 'CsvToListConverter' isn't defined for the type 'ImportService'. Try correcting the name to the name of an existing method, or defining a method named 'CsvToListConverter'. - undefined_method
  error - lib\core\services\reporting_native.dart:11:24 - The method 'ListToCsvConverter' isn't defined for the type 'ReportingServiceImpl'. Try correcting the name to the name of an existing method, or defining a method named 'ListToCsvConverter'. - undefined_method
  error - lib\core\services\reporting_web.dart:11:30 - The name 'ListToCsvConverter' isn't a class. Try correcting the name to match an existing class. - creation_with_non_type
  error - lib\features\admin\admin_dashboard_screen.dart:180:32 - The method '_buildSalesTab' isn't defined for the type '_AdminDashboardScreenState'. Try correcting the name to the name of an existing method, or defining a method named '_buildSalesTab'. - undefined_method
  error - lib\features\admin\admin_dashboard_screen.dart:181:32 - The method '_buildSupplierTab' isn't defined for the type '_AdminDashboardScreenState'. Try correcting the name to the name of an existing method, or defining a method named '_buildSupplierTab'. - undefined_method
  error - lib\features\admin\admin_dashboard_screen.dart:182:32 - The method '_buildDebtTab' isn't defined for the type '_AdminDashboardScreenState'. Try correcting the name to the name of an existing method, or defining a method named '_buildDebtTab'. - undefined_method
  error - lib\features\admin\admin_dashboard_screen.dart:183:32 - The method '_buildAuditLogTab' isn't defined for the type '_AdminDashboardScreenState'. Try correcting the name to the name of an existing method, or defining a method named '_buildAuditLogTab'. - undefined_method
  error - lib\features\admin\admin_dashboard_screen.dart:184:32 - The method '_buildSettingsTab' isn't defined for the type '_AdminDashboardScreenState'. Try correcting the name to the name of an existing method, or defining a method named '_buildSettingsTab'. - undefined_method
warning - lib\core\repositories\inventory_repository.dart:1:8 - Unused import: 'package:cloud_firestore/cloud_firestore.dart'. Try removing the import directive. - unused_import
warning - lib\core\services\firestore_service.dart:2:8 - Unused import: '../models/models.dart'. Try removing the import directive. - unused_import
warning - lib\core\services\firestore_service.dart:103:11 - The value of the local variable 'name' isn't used. Try removing the variable or using it. - unused_local_variable
warning - lib\core\services\import_service.dart:3:8 - Unused import: 'package:csv/csv.dart'. Try removing the import directive. - unused_import
warning - lib\core\services\reporting_interface.dart:2:8 - Unused import: 'dart:typed_data'. Try removing the import directive. - unused_import
warning - lib\core\services\reporting_native.dart:2:8 - Unused import: 'package:csv/csv.dart'. Try removing the import directive. - unused_import
warning - lib\core\services\reporting_web.dart:15:11 - The value of the local variable 'anchor' isn't used. Try removing the variable or using it. - unused_local_variable
warning - lib\core\services\reporting_web.dart:40:13 - The value of the local variable 'anchor' isn't used. Try removing the variable or using it. - unused_local_variable
warning - lib\features\admin\admin_dashboard_screen.dart:5:8 - Unused import: 'package:firebase_auth/firebase_auth.dart'. Try removing the import directive. - unused_import
warning - lib\features\admin\admin_dashboard_screen.dart:32:27 - The value of the field '_validator' isn't used. Try removing the field, or using it. - unused_field
warning - lib\features\admin\admin_dashboard_screen.dart:300:10 - The declaration '_sectionHeader' isn't referenced. Try removing the declaration of '_sectionHeader'. - unused_element
warning - lib\features\admin\admin_dashboard_screen.dart:304:10 - The declaration '_buildTopSelling' isn't referenced. Try removing the declaration of '_buildTopSelling'. - unused_element
warning - lib\features\admin\admin_dashboard_screen.dart:313:10 - The declaration '_buildDebtSummary' isn't referenced. Try removing the declaration of '_buildDebtSummary'. - unused_element
warning - lib\features\admin\admin_dashboard_screen.dart:322:10 - The declaration '_buildSlowDeadStock' isn't referenced. Try removing the declaration of '_buildSlowDeadStock'. - unused_element
warning - lib\features\admin\admin_dashboard_screen.dart:332:10 - The declaration '_buildSupplierSummary' isn't referenced. Try removing the declaration of '_buildSupplierSummary'. - unused_element
warning - lib\features\admin\admin_dashboard_screen.dart:348:8 - The declaration '_showEditSelfDialog' isn't referenced. Try removing the declaration of '_showEditSelfDialog'. - unused_element
warning - lib\features\admin\admin_dashboard_screen.dart:432:8 - The declaration '_showManageUsers' isn't referenced. Try removing the declaration of '_showManageUsers'. - unused_element
warning - lib\features\admin\admin_dashboard_screen.dart:479:8 - The declaration '_showManageBranches' isn't referenced. Try removing the declaration of '_showManageBranches'. - unused_element
warning - lib\features\admin\admin_dashboard_screen.dart:495:8 - The declaration '_showWipeConfirm' isn't referenced. Try removing the declaration of '_showWipeConfirm'. - unused_element
warning - lib\features\admin\admin_dashboard_screen.dart:539:8 - The declaration '_showPaySupplierDialog' isn't referenced. Try removing the declaration of '_showPaySupplierDialog'. - unused_element
warning - lib\features\staff\staff_dashboard_screen.dart:25:27 - The value of the field '_validator' isn't used. Try removing the field, or using it. - unused_field
warning - lib\main.dart:17:8 - Unused import: 'core/services/sync_service.dart'. Try removing the import directive. - unused_import
warning - lib\main.dart:18:8 - Unused import: 'core/services/firestore_service.dart'. Try removing the import directive. - unused_import
   info - lib\core\db\database_native.dart:2:8 - The import of 'package:sqflite/sqflite.dart' is unnecessary because all of the used elements are also provided by the import of 'package:sqflite_common_ffi/sqflite_ffi.dart'. Try removing the import directive. - unnecessary_import
   info - lib\core\models\item.dart:70:11 - Unnecessary 'this.' qualifier. Try removing 'this.'. - unnecessary_this
   info - lib\core\models\item.dart:71:15 - Unnecessary 'this.' qualifier. Try removing 'this.'. - unnecessary_this
   info - lib\core\models\item.dart:77:18 - Unnecessary 'this.' qualifier. Try removing 'this.'. - unnecessary_this
   info - lib\core\repositories\inventory_repository.dart:37:7 - Don't invoke 'print' in production code. Try using a logging framework. - avoid_print
   info - lib\core\repositories\inventory_repository.dart:56:8 - Don't invoke 'print' in production code. Try using a logging framework. - avoid_print
   info - lib\core\services\auth_service.dart:53:7 - Don't invoke 'print' in production code. Try using a logging framework. - avoid_print
   info - lib\core\services\auth_service.dart:99:23 - 'updateEmail' is deprecated and shouldn't be used. updateEmail() has been deprecated. Please use verifyBeforeUpdateEmail() instead. Try replacing the use of the deprecated member with the replacement. - deprecated_member_use
   info - lib\core\services\firestore_service.dart:140:7 - Don't invoke 'print' in production code. Try using a logging framework. - avoid_print
   info - lib\core\services\firestore_service.dart:164:7 - Don't invoke 'print' in production code. Try using a logging framework. - avoid_print
   info - lib\core\services\firestore_service.dart:289:34 - Statements in a for should be enclosed in a block. Try wrapping the statement in a block. - curly_braces_in_flow_control_structures
   info - lib\core\services\reporting_web.dart:1:1 - 'dart:html' is deprecated and shouldn't be used. Use package:web and dart:js_interop instead. Try replacing the use of the deprecated member with the replacement. - deprecated_member_use
   info - lib\core\services\reporting_web.dart:1:1 - Don't use web-only libraries outside Flutter web plugins. Try finding a different library for your needs. - avoid_web_libraries_in_flutter
   info - lib\core\theme\app_theme.dart:15:9 - 'background' is deprecated and shouldn't be used. Use surface instead. This feature was deprecated after v3.18.0-0.1.pre. Try replacing the use of the deprecated member with the replacement. - deprecated_member_use
   info - lib\core\utils\thread_safe_stream.dart:13:22 - Unnecessary 'this.' qualifier. Try removing 'this.'. - unnecessary_this
   info - lib\core\widgets\erp_components.dart:139:52 - 'withOpacity' is deprecated and shouldn't be used. Use .withValues() to avoid precision loss. Try replacing the use of the deprecated member with the replacement. - deprecated_member_use
   info - lib\core\widgets\erp_components.dart:142:33 - 'withOpacity' is deprecated and shouldn't be used. Use .withValues() to avoid precision loss. Try replacing the use of the deprecated member with the replacement. - deprecated_member_use
   info - lib\core\widgets\erp_components.dart:158:39 - 'withOpacity' is deprecated and shouldn't be used. Use .withValues() to avoid precision loss. Try replacing the use of the deprecated member with the replacement. - deprecated_member_use
   info - lib\core\widgets\erp_components.dart:185:52 - 'withOpacity' is deprecated and shouldn't be used. Use .withValues() to avoid precision loss. Try replacing the use of the deprecated member with the replacement. - deprecated_member_use
   info - lib\core\widgets\erp_components.dart:191:28 - 'MaterialStateProperty' is deprecated and shouldn't be used. Use WidgetStateProperty instead. Moved to the Widgets layer to make code available outside of Material. This feature was deprecated after v3.19.0-0.3.pre. Try replacing the use of the deprecated member with the replacement. - deprecated_member_use
   info - lib\core\widgets\erp_components.dart:192:11 - 'dataRowHeight' is deprecated and shouldn't be used. Migrate to use dataRowMinHeight and dataRowMaxHeight instead. This feature was deprecated after v3.7.0-5.0.pre. Try replacing the use of the deprecated member with the replacement. - deprecated_member_use
   info - lib\features\admin\admin_dashboard_screen.dart:25:7 - Constructors for public widgets should have a named 'key' parameter. Try adding a named parameter to the constructor. - use_key_in_widget_constructors
   info - lib\features\admin\admin_dashboard_screen.dart:302:221 - 'withOpacity' is deprecated and shouldn't be used. Use .withValues() to avoid precision loss. Try replacing the use of the deprecated member with the replacement. - deprecated_member_use
   info - lib\features\admin\admin_dashboard_screen.dart:307:188 - 'withOpacity' is deprecated and shouldn't be used. Use .withValues() to avoid precision loss. Try replacing the use of the deprecated member with the replacement. - deprecated_member_use
   info - lib\features\admin\admin_dashboard_screen.dart:314:189 - 'withOpacity' is deprecated and shouldn't be used. Use .withValues() to avoid precision loss. Try replacing the use of the deprecated member with the replacement. - deprecated_member_use
   info - lib\features\admin\admin_dashboard_screen.dart:323:212 - 'withOpacity' is deprecated and shouldn't be used. Use .withValues() to avoid precision loss. Try replacing the use of the deprecated member with the replacement. - deprecated_member_use
   info - lib\features\admin\admin_dashboard_screen.dart:335:214 - 'withOpacity' is deprecated and shouldn't be used. Use .withValues() to avoid precision loss. Try replacing the use of the deprecated member with the replacement. - deprecated_member_use
   info - lib\features\admin\admin_dashboard_screen.dart:361:47 - Don't use 'BuildContext's across async gaps, guarded by an unrelated 'mounted' check. Guard a 'State.context' use with a 'mounted' check on the State, and other BuildContext use with a 'mounted' check on the BuildContext. - use_build_context_synchronously
   info - lib\features\admin\admin_dashboard_screen.dart:363:47 - Don't use 'BuildContext's across async gaps, guarded by an unrelated 'mounted' check. Guard a 'State.context' use with a 'mounted' check on the State, and other BuildContext use with a 'mounted' check on the BuildContext. - use_build_context_synchronously
   info - lib\features\admin\admin_dashboard_screen.dart:384:14 - 'value' is deprecated and shouldn't be used. Use initialValue instead. This will set the initial value for the form field. This feature was deprecated after v3.33.0-1.0.pre. Try replacing the use of the deprecated member with the replacement. - deprecated_member_use
   info - lib\features\admin\admin_dashboard_screen.dart:420:49 - Don't use 'BuildContext's across async gaps, guarded by an unrelated 'mounted' check. Guard a 'State.context' use with a 'mounted' check on the State, and other BuildContext use with a 'mounted' check on the BuildContext. - use_build_context_synchronously
   info - lib\features\admin\admin_dashboard_screen.dart:423:49 - Don't use 'BuildContext's across async gaps, guarded by an unrelated 'mounted' check. Guard a 'State.context' use with a 'mounted' check on the State, and other BuildContext use with a 'mounted' check on the BuildContext. - use_build_context_synchronously
   info - lib\features\admin\admin_dashboard_screen.dart:425:54 - Don't use 'BuildContext's across async gaps, guarded by an unrelated 'mounted' check. Guard a 'State.context' use with a 'mounted' check on the State, and other BuildContext use with a 'mounted' check on the BuildContext. - use_build_context_synchronously
   info - lib\features\admin\admin_dashboard_screen.dart:472:28 - Statements in an if should be enclosed in a block. Try wrapping the statement in a block. - curly_braces_in_flow_control_structures
   info - lib\features\admin\admin_dashboard_screen.dart:472:58 - Statements in an if should be enclosed in a block. Try wrapping the statement in a block. - curly_braces_in_flow_control_structures
   info - lib\features\admin\admin_dashboard_screen.dart:492:514 - Don't use 'BuildContext's across async gaps, guarded by an unrelated 'mounted' check. Guard a 'State.context' use with a 'mounted' check on the State, and other BuildContext use with a 'mounted' check on the BuildContext. - use_build_context_synchronously
   info - lib\features\admin\admin_dashboard_screen.dart:492:538 - Don't use 'BuildContext's across async gaps, guarded by an unrelated 'mounted' check. Guard a 'State.context' use with a 'mounted' check on the State, and other BuildContext use with a 'mounted' check on the BuildContext. - use_build_context_synchronously
   info - lib\features\admin\admin_dashboard_screen.dart:515:201 - 'withOpacity' is deprecated and shouldn't be used. Use .withValues() to avoid precision loss. Try replacing the use of the deprecated member with the replacement. - deprecated_member_use
   info - lib\features\admin\admin_dashboard_screen.dart:520:197 - 'withOpacity' is deprecated and shouldn't be used. Use .withValues() to avoid precision loss. Try replacing the use of the deprecated member with the replacement. - deprecated_member_use
   info - lib\features\admin\admin_dashboard_screen.dart:553:27 - Don't use 'BuildContext's across async gaps. Try rewriting the code to not use the 'BuildContext', or guard the use with a 'mounted' check. - use_build_context_synchronously
   info - lib\features\admin\admin_dashboard_screen.dart:567:30 - Don't use 'BuildContext's across async gaps. Try rewriting the code to not use the 'BuildContext', or guard the use with a 'mounted' check. - use_build_context_synchronously
   info - lib\features\admin\admin_dashboard_screen.dart:569:30 - Don't use 'BuildContext's across async gaps. Try rewriting the code to not use the 'BuildContext', or guard the use with a 'mounted' check. - use_build_context_synchronously
   info - lib\features\admin\admin_dashboard_screen.dart:571:29 - Don't use 'BuildContext's across async gaps. Try rewriting the code to not use the 'BuildContext', or guard the use with a 'mounted' check. - use_build_context_synchronously
   info - lib\features\admin\admin_dashboard_screen.dart:587:28 - Don't use 'BuildContext's across async gaps. Try rewriting the code to not use the 'BuildContext', or guard the use with a 'mounted' check. - use_build_context_synchronously
   info - lib\features\admin\admin_dashboard_screen.dart:589:28 - Don't use 'BuildContext's across async gaps. Try rewriting the code to not use the 'BuildContext', or guard the use with a 'mounted' check. - use_build_context_synchronously
   info - lib\features\admin\admin_dashboard_screen.dart:591:27 - Don't use 'BuildContext's across async gaps. Try rewriting the code to not use the 'BuildContext', or guard the use with a 'mounted' check. - use_build_context_synchronously
   info - lib\features\admin\admin_dashboard_screen.dart:607:92 - 'withOpacity' is deprecated and shouldn't be used. Use .withValues() to avoid precision loss. Try replacing the use of the deprecated member with the replacement. - deprecated_member_use
   info - lib\features\admin\admin_dashboard_screen.dart:607:180 - 'withOpacity' is deprecated and shouldn't be used. Use .withValues() to avoid precision loss. Try replacing the use of the deprecated member with the replacement. - deprecated_member_use
   info - lib\features\admin\admin_dashboard_screen.dart:645:54 - Don't use 'BuildContext's across async gaps, guarded by an unrelated 'mounted' check. Guard a 'State.context' use with a 'mounted' check on the State, and other BuildContext use with a 'mounted' check on the BuildContext. - use_build_context_synchronously
   info - lib\features\auth\login_screen.dart:7:7 - Constructors for public widgets should have a named 'key' parameter. Try adding a named parameter to the constructor. - use_key_in_widget_constructors
   info - lib\features\auth\login_screen.dart:9:3 - Invalid use of a private type in a public API. Try making the private type public, or making the API that uses the private type also be private. - library_private_types_in_public_api
   info - lib\features\auth\login_screen.dart:99:45 - 'withOpacity' is deprecated and shouldn't be used. Use .withValues() to avoid precision loss. Try replacing the use of the deprecated member with the replacement. - deprecated_member_use
   info - lib\features\auth\login_screen.dart:109:54 - 'withOpacity' is deprecated and shouldn't be used. Use .withValues() to avoid precision loss. Try replacing the use of the deprecated member with the replacement. - deprecated_member_use
   info - lib\features\auth\login_screen.dart:203:31 - 'withOpacity' is deprecated and shouldn't be used. Use .withValues() to avoid precision loss. Try replacing the use of the deprecated member with the replacement. - deprecated_member_use
   info - lib\features\staff\staff_dashboard_screen.dart:18:7 - Constructors for public widgets should have a named 'key' parameter. Try adding a named parameter to the constructor. - use_key_in_widget_constructors
   info - lib\features\staff\staff_dashboard_screen.dart:233:147 - 'withOpacity' is deprecated and shouldn't be used. Use .withValues() to avoid precision loss. Try replacing the use of the deprecated member with the replacement. - deprecated_member_use
   info - lib\features\staff\staff_dashboard_screen.dart:252:27 - Statements in a for should be enclosed in a block. Try wrapping the statement in a block. - curly_braces_in_flow_control_structures
   info - lib\features\staff\staff_dashboard_screen.dart:305:98 - Don't use 'BuildContext's across async gaps. Try rewriting the code to not use the 'BuildContext', or guard the use with a 'mounted' check. - use_build_context_synchronously
   info - lib\features\staff\staff_dashboard_screen.dart:332:45 - Don't use 'BuildContext's across async gaps, guarded by an unrelated 'mounted' check. Guard a 'State.context' use with a 'mounted' check on the State, and other BuildContext use with a 'mounted' check on the BuildContext. - use_build_context_synchronously
   info - lib\features\staff\staff_dashboard_screen.dart:335:45 - Don't use 'BuildContext's across async gaps, guarded by an unrelated 'mounted' check. Guard a 'State.context' use with a 'mounted' check on the State, and other BuildContext use with a 'mounted' check on the BuildContext. - use_build_context_synchronously
   info - lib\features\staff\staff_dashboard_screen.dart:337:50 - Don't use 'BuildContext's across async gaps, guarded by an unrelated 'mounted' check. Guard a 'State.context' use with a 'mounted' check on the State, and other BuildContext use with a 'mounted' check on the BuildContext. - use_build_context_synchronously
   info - lib\features\staff\staff_dashboard_screen.dart:349:30 - Statements in an if should be enclosed in a block. Try wrapping the statement in a block. - curly_braces_in_flow_control_structures
   info - lib\features\staff\staff_dashboard_screen.dart:350:32 - Statements in an if should be enclosed in a block. Try wrapping the statement in a block. - curly_braces_in_flow_control_structures
   info - lib\features\staff\staff_dashboard_screen.dart:388:46 - Don't use 'BuildContext's across async gaps, guarded by an unrelated 'mounted' check. Guard a 'State.context' use with a 'mounted' check on the State, and other BuildContext use with a 'mounted' check on the BuildContext. - use_build_context_synchronously
   info - lib\features\staff\staff_dashboard_screen.dart:391:46 - Don't use 'BuildContext's across async gaps, guarded by an unrelated 'mounted' check. Guard a 'State.context' use with a 'mounted' check on the State, and other BuildContext use with a 'mounted' check on the BuildContext. - use_build_context_synchronously
   info - lib\features\staff\staff_dashboard_screen.dart:393:51 - Don't use 'BuildContext's across async gaps, guarded by an unrelated 'mounted' check. Guard a 'State.context' use with a 'mounted' check on the State, and other BuildContext use with a 'mounted' check on the BuildContext. - use_build_context_synchronously
   info - lib\features\staff\staff_dashboard_screen.dart:407:28 - Don't use 'BuildContext's across async gaps. Try rewriting the code to not use the 'BuildContext', or guard the use with a 'mounted' check. - use_build_context_synchronously

98 issues found.
