00:00 +0: loading C:/projects/inventory_management/test/phase1_stabilization_test.dart
00:00 +0: C:/projects/inventory_management/test/phase1_stabilization_test.dart: Phase 1 stabilization watchProducts is branch-scoped and uses product_stocks
Outbox enqueue failed: MissingPluginException(No implementation found for method getAll on channel plugins.flutter.io/shared_preferences)
Outbox enqueue failed: MissingPluginException(No implementation found for method getAll on channel plugins.flutter.io/shared_preferences)
00:01 +1: C:/projects/inventory_management/test/purchase_restock_sell_workflow_test.dart: Purchase -> Restock -> Sell -> Refund E2E Workflow Correct branch-scoping and batch recalculation across all stages
Outbox enqueue failed: MissingPluginException(No implementation found for method getAll on channel plugins.flutter.io/shared_preferences)
Outbox enqueue failed: MissingPluginException(No implementation found for method getAll on channel plugins.flutter.io/shared_preferences)
Outbox enqueue failed: MissingPluginException(No implementation found for method getAll on channel plugins.flutter.io/shared_preferences)
Outbox enqueue failed: MissingPluginException(No implementation found for method getAll on channel plugins.flutter.io/shared_preferences)
Outbox enqueue failed: MissingPluginException(No implementation found for method getAll on channel plugins.flutter.io/shared_preferences)
Outbox enqueue failed: MissingPluginException(No implementation found for method getAll on channel plugins.flutter.io/shared_preferences)
Outbox enqueue failed: MissingPluginException(No implementation found for method getAll on channel plugins.flutter.io/shared_preferences)
Outbox enqueue failed: MissingPluginException(No implementation found for method getAll on channel plugins.flutter.io/shared_preferences)
Outbox enqueue failed: MissingPluginException(No implementation found for method getAll on channel plugins.flutter.io/shared_preferences)
Outbox enqueue failed: MissingPluginException(No implementation found for method getAll on channel plugins.flutter.io/shared_preferences)
Outbox enqueue failed: MissingPluginException(No implementation found for method getAll on channel plugins.flutter.io/shared_preferences)
Outbox enqueue failed: MissingPluginException(No implementation found for method getAll on channel plugins.flutter.io/shared_preferences)
Outbox enqueue failed: MissingPluginException(No implementation found for method getAll on channel plugins.flutter.io/shared_preferences)
Outbox enqueue failed: MissingPluginException(No implementation found for method getAll on channel plugins.flutter.io/shared_preferences)
Outbox enqueue failed: MissingPluginException(No implementation found for method getAll on channel plugins.flutter.io/shared_preferences)
Outbox enqueue failed: MissingPluginException(No implementation found for method getAll on channel plugins.flutter.io/shared_preferences)
Outbox enqueue failed: MissingPluginException(No implementation found for method getAll on channel plugins.flutter.io/shared_preferences)
Outbox enqueue failed: MissingPluginException(No implementation found for method getAll on channel plugins.flutter.io/shared_preferences)
Outbox enqueue failed: MissingPluginException(No implementation found for method getAll on channel plugins.flutter.io/shared_preferences)
Outbox enqueue failed: MissingPluginException(No implementation found for method getAll on channel plugins.flutter.io/shared_preferences)
Outbox enqueue failed: MissingPluginException(No implementation found for method getAll on channel plugins.flutter.io/shared_preferences)
Outbox enqueue failed: MissingPluginException(No implementation found for method getAll on channel plugins.flutter.io/shared_preferences)
Outbox enqueue failed: MissingPluginException(No implementation found for method getAll on channel plugins.flutter.io/shared_preferences)
Outbox enqueue failed: MissingPluginException(No implementation found for method getAll on channel plugins.flutter.io/shared_preferences)
Outbox enqueue failed: MissingPluginException(No implementation found for method getAll on channel plugins.flutter.io/shared_preferences)
[REFUND] Restoring 2.0 units to batch 5eb1f63d-08f8-4d50-99fc-41e9a6b58002 (was 50.0). Expiry: null
Outbox enqueue failed: MissingPluginException(No implementation found for method getAll on channel plugins.flutter.io/shared_preferences)
Outbox enqueue failed: MissingPluginException(No implementation found for method getAll on channel plugins.flutter.io/shared_preferences)
Outbox enqueue failed: MissingPluginException(No implementation found for method getAll on channel plugins.flutter.io/shared_preferences)
Outbox enqueue failed: MissingPluginException(No implementation found for method getAll on channel plugins.flutter.io/shared_preferences)
Outbox enqueue failed: MissingPluginException(No implementation found for method getAll on channel plugins.flutter.io/shared_preferences)
00:02 +2: C:/projects/inventory_management/test/stock_expiry_regression_test.dart: Stock and expiry regressions saveProduct preserves quantity and expiry date
Outbox enqueue failed: MissingPluginException(No implementation found for method getAll on channel plugins.flutter.io/shared_preferences)
Outbox enqueue failed: MissingPluginException(No implementation found for method getAll on channel plugins.flutter.io/shared_preferences)
00:03 +3: All tests passed!
